
> customer-service-agent@0.1.0 prebuild
> ls -la lib/supabase/ && echo 'Supabase files found'

total 56
drwxr-xr-x@  4 jamesguy  staff    128 Aug 28 15:44 __mocks__
drwxr-xr-x@  8 jamesguy  staff    256 Aug 28 21:45 .
drwxr-xr-x@ 88 jamesguy  staff   2816 Aug 29 20:54 ..
-rw-r--r--@  1 jamesguy  staff    499 Aug 28 15:44 client.ts
-rw-r--r--@  1 jamesguy  staff    182 Aug 28 17:22 index.ts
-rw-r--r--@  1 jamesguy  staff  10803 Aug 28 15:44 README.md
-rw-r--r--@  1 jamesguy  staff    156 Aug 28 17:10 server-exports.ts
-rw-r--r--@  1 jamesguy  staff   3789 Aug 28 21:45 server.ts
Supabase files found

> customer-service-agent@0.1.0 build
> next build

   ▲ Next.js 15.5.2
   - Environments: .env.local, .env
   - Experiments (use with caution):
     ✓ scrollRestoration

   Creating an optimized production build ...
 ✓ Compiled successfully in 4.3s
   Skipping validation of types
   Skipping linting
   Collecting page data ...
(node:38876) [DEP0040] DeprecationWarning: The `punycode` module is deprecated. Please use a userland alternative instead.
(Use `node --trace-deprecation ...` to show where the warning was created)
(node:38872) [DEP0040] DeprecationWarning: The `punycode` module is deprecated. Please use a userland alternative instead.
(Use `node --trace-deprecation ...` to show where the warning was created)
(node:38875) [DEP0040] DeprecationWarning: The `punycode` module is deprecated. Please use a userland alternative instead.
(Use `node --trace-deprecation ...` to show where the warning was created)
(node:38866) [DEP0040] DeprecationWarning: The `punycode` module is deprecated. Please use a userland alternative instead.
(Use `node --trace-deprecation ...` to show where the warning was created)
(node:38869) [DEP0040] DeprecationWarning: The `punycode` module is deprecated. Please use a userland alternative instead.
(Use `node --trace-deprecation ...` to show where the warning was created)
(node:38868) [DEP0040] DeprecationWarning: The `punycode` module is deprecated. Please use a userland alternative instead.
(Use `node --trace-deprecation ...` to show where the warning was created)
(node:38870) [DEP0040] DeprecationWarning: The `punycode` module is deprecated. Please use a userland alternative instead.
(Use `node --trace-deprecation ...` to show where the warning was created)
(node:38867) [DEP0040] DeprecationWarning: The `punycode` module is deprecated. Please use a userland alternative instead.
(Use `node --trace-deprecation ...` to show where the warning was created)
(node:38873) [DEP0040] DeprecationWarning: The `punycode` module is deprecated. Please use a userland alternative instead.
(Use `node --trace-deprecation ...` to show where the warning was created)
(node:38871) [DEP0040] DeprecationWarning: The `punycode` module is deprecated. Please use a userland alternative instead.
(Use `node --trace-deprecation ...` to show where the warning was created)
(node:38874) [DEP0040] DeprecationWarning: The `punycode` module is deprecated. Please use a userland alternative instead.
(Use `node --trace-deprecation ...` to show where the warning was created)
Redis connected successfully
Redis circuit breaker closed
Redis connected successfully
Redis circuit breaker closed
[Redis] Connected to Redis server
Redis connected successfully
Redis circuit breaker closed
Redis connected successfully
Redis circuit breaker closed
[Redis] Connected to Redis server
Job processor is ready
Job processor is ready
Redis connected successfully
Redis circuit breaker closed
Redis connected successfully
Redis circuit breaker closed
Redis connected successfully
Redis circuit breaker closed
   Generating static pages (0/76) ...
(node:38898) [DEP0040] DeprecationWarning: The `punycode` module is deprecated. Please use a userland alternative instead.
(Use `node --trace-deprecation ...` to show where the warning was created)
   Generating static pages (19/76) 
(node:38899) [DEP0040] DeprecationWarning: The `punycode` module is deprecated. Please use a userland alternative instead.
(Use `node --trace-deprecation ...` to show where the warning was created)
(node:38897) [DEP0040] DeprecationWarning: The `punycode` module is deprecated. Please use a userland alternative instead.
(Use `node --trace-deprecation ...` to show where the warning was created)
(node:38900) [DEP0040] DeprecationWarning: The `punycode` module is deprecated. Please use a userland alternative instead.
(Use `node --trace-deprecation ...` to show where the warning was created)
   Generating static pages (38/76) 
   Generating static pages (57/76) 
 ✓ Generating static pages (76/76)
Redis connected successfully
Redis circuit breaker closed
Redis connected successfully
Redis circuit breaker closed
[Redis] Connected to Redis server
Job processor is ready
[Redis] Starting graceful shutdown...
Initiating graceful shutdown of job processor...
[Redis] Graceful shutdown complete
Redis connection closed
Job processor shut down gracefully
[Redis] Starting graceful shutdown...
[Redis] Graceful shutdown complete
[Redis] Disconnected from Redis server - using fallback
[Redis] Starting graceful shutdown...
[Redis] Graceful shutdown complete
[Redis] Starting graceful shutdown...
[Redis] Graceful shutdown complete
   Finalizing page optimization ...
   Collecting build traces ...
[Redis] Starting graceful shutdown...
Initiating graceful shutdown of job processor...
[Redis] Graceful shutdown complete
Job processor shut down gracefully
Redis connection closed
[Redis] Starting graceful shutdown...
Initiating graceful shutdown of job processor...
[Redis] Graceful shutdown complete
Job processor shut down gracefully
Redis connection closed
[Redis] Starting graceful shutdown...
[Redis] Graceful shutdown complete
[Redis] Starting graceful shutdown...
[Redis] Graceful shutdown complete
[Redis] Disconnected from Redis server - using fallback
[Redis] Disconnected from Redis server - using fallback
[Redis] Starting graceful shutdown...
[Redis] Graceful shutdown complete
[Redis] Starting graceful shutdown...
[Redis] Graceful shutdown complete
[Redis] Starting graceful shutdown...
[Redis] Graceful shutdown complete

Route (app)                                 Size  First Load JS
┌ ○ /                                    10.9 kB         124 kB
├ ○ /_not-found                            310 B         102 kB
├ ○ /accessibility                         310 B         102 kB
├ ○ /admin                                8.2 kB         166 kB
├ ○ /admin/privacy                       7.64 kB         148 kB
├ ○ /admin/scraping                      7.36 kB         145 kB
├ ○ /admin/scraping-monitor              7.71 kB         117 kB
├ ƒ /api/admin/config                      310 B         102 kB
├ ƒ /api/admin/test-connection             310 B         102 kB
├ ƒ /api/admin/woocommerce/[...path]       310 B         102 kB
├ ƒ /api/auth/customer                     310 B         102 kB
├ ƒ /api/chat                              310 B         102 kB
├ ƒ /api/check-domain-content              310 B         102 kB
├ ƒ /api/check-embedding-urls              310 B         102 kB
├ ƒ /api/check-rag                         310 B         102 kB
├ ƒ /api/check-rag-data                    310 B         102 kB
├ ƒ /api/check-table-data                  310 B         102 kB
├ ƒ /api/check-tables                      310 B         102 kB
├ ƒ /api/cron/refresh                      310 B         102 kB
├ ƒ /api/customer/config                   310 B         102 kB
├ ƒ /api/customer/config/validate          310 B         102 kB
├ ƒ /api/customer/quick-verify             310 B         102 kB
├ ƒ /api/customer/verify                   310 B         102 kB
├ ƒ /api/debug-rag                         310 B         102 kB
├ ƒ /api/debug/[domain]                    310 B         102 kB
├ ƒ /api/demo                              310 B         102 kB
├ ƒ /api/fix-customer-config               310 B         102 kB
├ ƒ /api/fix-rag                           310 B         102 kB
├ ƒ /api/gdpr/delete                       310 B         102 kB
├ ƒ /api/gdpr/export                       310 B         102 kB
├ ƒ /api/health                            310 B         102 kB
├ ƒ /api/health/comprehensive              310 B         102 kB
├ ƒ /api/jobs                              310 B         102 kB
├ ƒ /api/jobs/[jobId]                      310 B         102 kB
├ ƒ /api/log-error                         310 B         102 kB
├ ƒ /api/monitoring/scraping               310 B         102 kB
├ ƒ /api/order-modifications               310 B         102 kB
├ ƒ /api/privacy/delete                    310 B         102 kB
├ ƒ /api/query-indexes                     310 B         102 kB
├ ƒ /api/queue                             310 B         102 kB
├ ƒ /api/refresh                           310 B         102 kB
├ ƒ /api/scrape                            310 B         102 kB
├ ƒ /api/scrape-jobs                       310 B         102 kB
├ ƒ /api/scrape-jobs/[id]                  310 B         102 kB
├ ƒ /api/scrape-jobs/[id]/retry            310 B         102 kB
├ ƒ /api/scrape-jobs/next                  310 B         102 kB
├ ƒ /api/scrape-jobs/stats                 310 B         102 kB
├ ƒ /api/setup-rag                         310 B         102 kB
├ ƒ /api/setup-rag-production              310 B         102 kB
├ ƒ /api/simple-rag-test                   310 B         102 kB
├ ƒ /api/support                           310 B         102 kB
├ ƒ /api/test-db                           310 B         102 kB
├ ƒ /api/test-direct-search                310 B         102 kB
├ ƒ /api/test-embeddings                   310 B         102 kB
├ ƒ /api/test-multi-tenant                 310 B         102 kB
├ ƒ /api/test-rag                          310 B         102 kB
├ ƒ /api/test-search-function              310 B         102 kB
├ ƒ /api/test-search-lib                   310 B         102 kB
├ ƒ /api/test-woo                          310 B         102 kB
├ ƒ /api/test-woocommerce                  310 B         102 kB
├ ƒ /api/training                          310 B         102 kB
├ ƒ /api/training/[id]                     310 B         102 kB
├ ƒ /api/training/qa                       310 B         102 kB
├ ƒ /api/training/text                     310 B         102 kB
├ ƒ /api/verify-customer                   310 B         102 kB
├ ƒ /api/version                           310 B         102 kB
├ ƒ /api/webhooks/customer                 310 B         102 kB
├ ƒ /api/woocommerce/abandoned-carts       310 B         102 kB
├ ƒ /api/woocommerce/cart/test             310 B         102 kB
├ ƒ /api/woocommerce/customer-action       310 B         102 kB
├ ƒ /api/woocommerce/customer-test         310 B         102 kB
├ ƒ /api/woocommerce/customers/test        310 B         102 kB
├ ƒ /api/woocommerce/dashboard             310 B         102 kB
├ ƒ /api/woocommerce/products              310 B         102 kB
├ ƒ /api/woocommerce/stock                 310 B         102 kB
├ ƒ /api/woocommerce/test                  310 B         102 kB
├ ○ /chat                                7.71 kB         121 kB
├ ○ /configure                           9.26 kB         153 kB
├ ○ /dashboard                           7.97 kB         145 kB
├ ○ /dashboard/analytics                 6.68 kB         147 kB
├ ○ /dashboard/conversations             4.02 kB         152 kB
├ ○ /dashboard/customers                 2.72 kB         144 kB
├ ○ /dashboard/customize                 5.75 kB         149 kB
├ ○ /dashboard/help                      10.5 kB         126 kB
├ ○ /dashboard/integrations              7.93 kB         117 kB
├ ○ /dashboard/integrations/woocommerce  5.54 kB         115 kB
├ ○ /dashboard/privacy                   9.46 kB         125 kB
├ ○ /dashboard/settings                  9.42 kB         150 kB
├ ○ /dashboard/team                      4.45 kB         145 kB
├ ○ /dashboard/training                  12.2 kB         132 kB
├ ƒ /demo/[demoId]                       5.74 kB         118 kB
├ ○ /embed                               7.79 kB         110 kB
├ ○ /install                               819 B         117 kB
├ ○ /login                               4.03 kB         159 kB
├ ○ /privacy                               310 B         102 kB
├ ƒ /privacy/export                        310 B         102 kB
├ ○ /setup                               6.43 kB         116 kB
├ ○ /signup                              4.21 kB         159 kB
├ ○ /simple-test                         1.34 kB         103 kB
├ ○ /terms                                 310 B         102 kB
├ ○ /test-widget                         1.98 kB         104 kB
└ ○ /widget-test                         1.12 kB         103 kB
+ First Load JS shared by all             102 kB
  ├ chunks/1255-f206d8cb7c37a3ff.js      45.5 kB
  ├ chunks/4bd1b696-100b9d70ed4e49c1.js  54.2 kB
  └ other shared chunks (total)             2 kB


ƒ Middleware                             70.5 kB

○  (Static)   prerendered as static content
ƒ  (Dynamic)  server-rendered on demand

